// Vitest Snapshot v1, https://vitest.dev/guide/snapshot.html

exports[`assembleSkill — fixed-input snapshot (completion criterion) > produces the same 5 files for the same input, every time 1`] = `
[
  {
    "content": "---
name: "skillsync-x200"
description: "SkillSync X200 Manual"
---

# SkillSync X200 Manual

## Chapter index

- \`chapters/ch01-installation.md\` — Installation (source sections: installation, installation/prerequisites)
- \`chapters/ch02-troubleshooting.md\` — Troubleshooting (source sections: troubleshooting)

## Reference files

- \`glossary.md\` — key terms
- \`patterns.md\` — techniques, procedures, anti-patterns
- \`cheatsheet.md\` — decision tables and quick rules
",
    "estimatedTokens": 117,
    "path": "SKILL.md",
  },
  {
    "content": "Mount the unit on a flat, grounded surface. [§installation]

**Prerequisite** — a host running Console v4 or later. [§installation/prerequisites]

- [PROCEDURE] Assign a static address before powering on. [§installation/prerequisites]
- [RULE] If the link LED never turns solid, reboot the unit. [§installation]
",
    "estimatedTokens": 78,
    "path": "chapters/ch01-installation.md",
  },
  {
    "content": "Cross-check the fault LED against the error code table. [§troubleshooting]

- [ANTI-PATTERN] Do not substitute a higher-rated fuse. [§troubleshooting]
**Prerequisite** — repeated in another chapter to prove dedup. [§troubleshooting]
",
    "estimatedTokens": 59,
    "path": "chapters/ch02-troubleshooting.md",
  },
  {
    "content": "# Glossary

**Prerequisite** — a host running Console v4 or later. [§installation/prerequisites] (\`chapters/ch01-installation.md\`, \`chapters/ch02-troubleshooting.md\`)
",
    "estimatedTokens": 42,
    "path": "glossary.md",
  },
  {
    "content": "# Patterns

## Procedures

- Assign a static address before powering on. [§installation/prerequisites] (\`chapters/ch01-installation.md\`)

## Anti-patterns

- Do not substitute a higher-rated fuse. [§troubleshooting] (\`chapters/ch02-troubleshooting.md\`)
",
    "estimatedTokens": 64,
    "path": "patterns.md",
  },
  {
    "content": "# Cheatsheet

- If the link LED never turns solid, reboot the unit. [§installation] (\`chapters/ch01-installation.md\`)
",
    "estimatedTokens": 30,
    "path": "cheatsheet.md",
  },
]
`;
